scripts/run_load_test.ts(6,7): error TS6133: 'sleep' is declared but its value is never read.
scripts/run_load_test.ts(33,9): error TS6133: 'promises' is declared but its value is never read.
scripts/run_load_test.ts(144,9): error TS6133: 'start1000' is declared but its value is never read.
server.ts(20,12): error TS6133: 'req' is declared but its value is never read.
server.ts(147,19): error TS6133: 'req' is declared but its value is never read.
services/mission-engine/src/__tests__/AgentCommunication.test.ts(1,44): error TS6133: 'vi' is declared but its value is never read.
services/mission-engine/src/__tests__/AgentCommunication.test.ts(733,13): error TS6133: 'msg1' is declared but its value is never read.
services/mission-engine/src/__tests__/AgentCommunication.test.ts(743,13): error TS6133: 'msg2' is declared but its value is never read.
services/mission-engine/src/__tests__/AgentCommunication.test.ts(753,13): error TS6133: 'msg3' is declared but its value is never read.
services/mission-engine/src/__tests__/AgentCommunication.test.ts(763,13): error TS6133: 'msg4' is declared but its value is never read.
services/mission-engine/src/__tests__/AgentRuntime.test.ts(4,10): error TS6133: 'ToolExecutor' is declared but its value is never read.
services/mission-engine/src/__tests__/AgentRuntime.test.ts(8,1): error TS6192: All imports in import declaration are unused.
services/mission-engine/src/__tests__/ExecutiveBrain.test.ts(20,59): error TS6133: 'prompt' is declared but its value is never read.
services/mission-engine/src/__tests__/MissionEngine.test.ts(27,1): error TS6133: 'ExecutionContext' is declared but its value is never read.
services/mission-engine/src/__tests__/OrganizationExecutionEngine.test.ts(3,1): error TS6192: All imports in import declaration are unused.
services/mission-engine/src/__tests__/OrganizationExecutionEngine.test.ts(29,7): error TS6133: 'metricsTracker' is declared but its value is never read.
services/mission-engine/src/application/agent/AgentRuntime.ts(4,24): error TS6133: 'ToolResult' is declared but its value is never read.
services/mission-engine/src/application/agent/AgentRuntime.ts(6,28): error TS6133: 'ReflectionResult' is declared but its value is never read.
services/mission-engine/src/application/agent/AgentRuntime.ts(178,13): error TS6133: '_compartments' is declared but its value is never read.
services/mission-engine/src/application/agent/ExecutionMemory.ts(1,1): error TS6192: All imports in import declaration are unused.
services/mission-engine/src/application/agent/governance/OutputValidatorService.ts(1,29): error TS6133: 'Deliverable' is declared but its value is never read.
services/mission-engine/src/application/agent/governance/OutputValidatorService.ts(1,42): error TS6133: 'Task' is declared but its value is never read.
services/mission-engine/src/application/agent/governance/OutputValidatorService.ts(62,26): error TS6133: 'objective' is declared but its value is never read.
services/mission-engine/src/application/agent/security/SafetyPolicyEngine.ts(1,10): error TS6133: 'isSafeIp' is declared but its value is never read.
services/mission-engine/src/application/agent/security/ToolOutputSanitizer.ts(63,50): error TS6133: 'match' is declared but its value is never read.
services/mission-engine/src/application/evolution/DynamicOrganizationEngine.ts(1,44): error TS6133: 'OrgRole' is declared but its value is never read.
services/mission-engine/src/application/evolution/EvolutionTypes.ts(1,1): error TS6192: All imports in import declaration are unused.
services/mission-engine/src/application/evolution/OrganizationEvolutionEngine.ts(6,32): error TS6133: 'ExecutiveDecision' is declared but its value is never read.
services/mission-engine/src/application/evolution/OrganizationEvolutionEngine.ts(6,51): error TS6133: 'IntelligenceDNA' is declared but its value is never read.
services/mission-engine/src/application/executive/ExecutiveBrain.ts(6,1): error TS6133: 'MetricsCollector' is declared but its value is never read.
services/mission-engine/src/application/executive/ExecutiveBrain.ts(260,45): error TS6133: 'context' is declared but its value is never read.
services/mission-engine/src/application/executive/ExecutiveBrain.ts(426,54): error TS6133: 'prompt' is declared but its value is never read.
services/mission-engine/src/application/organization/DashboardAPI.ts(9,20): error TS6133: 'req' is declared but its value is never read.
services/mission-engine/src/application/organization/DashboardAPI.ts(19,27): error TS6133: 'req' is declared but its value is never read.
services/mission-engine/src/application/organization/OrganizationExecutor.ts(3,10): error TS6133: 'AgentLifecycleState' is declared but its value is never read.
services/mission-engine/src/application/organization/OrganizationExecutor.ts(17,3): error TS6133: 'ConsensusRound' is declared but its value is never read.
services/mission-engine/src/application/organization/OrganizationExecutor.ts(18,3): error TS6133: 'EscalationRecord' is declared but its value is never read.
services/mission-engine/src/application/organization/OrganizationExecutor.ts(26,1): error TS6133: 'StrategicIntelligenceLayer' is declared but its value is never read.
services/mission-engine/src/application/organization/OrganizationExecutor.ts(79,97): error TS6133: 'role' is declared but its value is never read.
services/mission-engine/src/application/organization/OrganizationExecutor.ts(105,48): error TS6133: 'name' is declared but its value is never read.
services/mission-engine/src/application/organization/OrganizationMetricsTracker.ts(1,58): error TS6133: 'ReviewStatus' is declared but its value is never read.
services/mission-engine/src/application/organization/WorkDistributionEngine.ts(3,16): error TS6133: 'OrgDepartment' is declared but its value is never read.
services/mission-engine/src/application/runtime/MissionExecutor.ts(17,13): error TS6138: Property 'agentRepo' is declared but its value is never read.
services/mission-engine/src/application/runtime/MissionExecutor.ts(18,13): error TS6138: Property 'llmClient' is declared but its value is never read.
services/mission-engine/src/application/runtime/TaskExecutor.ts(1,78): error TS6133: 'TaskStatus' is declared but its value is never read.
services/mission-engine/src/application/runtime/TaskExecutor.ts(4,1): error TS6133: 'withTimeout' is declared but its value is never read.
services/mission-engine/src/application/runtime/TaskExecutor.ts(12,11): error TS6133: 'retryPolicy' is declared but its value is never read.
services/mission-engine/src/application/strategic/CorporateGoalManager.ts(40,34): error TS6133: 'missionDescription' is declared but its value is never read.
services/mission-engine/src/application/strategic/OrganizationDigitalTwin.ts(4,65): error TS6133: 'changes' is declared but its value is never read.
services/mission-engine/src/application/strategic/ScenarioPlanner.ts(4,28): error TS6133: 'missionDescription' is declared but its value is never read.
services/mission-engine/src/application/strategic/SimulationEngine.ts(5,24): error TS6133: 'missionDescription' is declared but its value is never read.
services/mission-engine/src/application/strategic/SimulationEngine.ts(5,52): error TS6133: 'state' is declared but its value is never read.
services/mission-engine/src/application/strategic/StrategicIntelligenceLayer.ts(10,1): error TS6192: All imports in import declaration are unused.
services/mission-engine/src/application/strategic/StrategicIntelligenceLayer.ts(23,11): error TS6133: 'digitalTwin' is declared but its value is never read.
services/mission-engine/src/application/strategic/StrategicTypes.ts(1,1): error TS6133: 'OrganizationState' is declared but its value is never read.
services/mission-engine/src/application/usecases/ExecuteMissionUseCase.ts(8,13): error TS6138: Property 'agentRepo' is declared but its value is never read.
services/mission-engine/src/infrastructure/database/PostgresClient.ts(59,15): error TS6133: 'res' is declared but its value is never read.
services/mission-engine/src/infrastructure/database/RedisClient.ts(1,24): error TS6133: 'RedisClientType' is declared but its value is never read.
services/mission-engine/src/presentation/middlewares/errorHandler.ts(9,3): error TS6133: 'next' is declared but its value is never read.
services/mission-engine/src/presentation/routes/agentRouter.ts(28,39): error TS6133: 'req' is declared but its value is never read.
services/mission-engine/src/presentation/routes/healthRouter.ts(11,39): error TS6133: 'req' is declared but its value is never read.
services/mission-engine/src/presentation/routes/healthRouter.ts(43,46): error TS6133: 'req' is declared but its value is never read.
services/mission-engine/src/presentation/routes/healthRouter.ts(53,53): error TS6133: 'req' is declared but its value is never read.
split-server.ts(2,1): error TS6133: 'path' is declared but its value is never read.
src/App.tsx(2,35): error TS6133: 'useReducedMotion' is declared but its value is never read.
src/App.tsx(3,1): error TS6192: All imports in import declaration are unused.
src/App.tsx(10,7): error TS6133: 'DashboardApp' is declared but its value is never read.
src/App.tsx(13,7): error TS6133: 'MemoryExplorer' is declared but its value is never read.
src/App.tsx(25,7): error TS6133: 'MissionRuntimeConsole' is declared but its value is never read.
src/App.tsx(39,3): error TS6133: 'FileText' is declared but its value is never read.
src/App.tsx(40,3): error TS6133: 'Code' is declared but its value is never read.
src/App.tsx(41,3): error TS6133: 'PenTool' is declared but its value is never read.
src/App.tsx(46,3): error TS6133: 'Loader2' is declared but its value is never read.
src/App.tsx(47,3): error TS6133: 'Command' is declared but its value is never read.
src/App.tsx(48,3): error TS6133: 'ArrowLeft' is declared but its value is never read.
src/App.tsx(49,3): error TS6133: 'Cpu' is declared but its value is never read.
src/App.tsx(52,3): error TS6133: 'PlusCircle' is declared but its value is never read.
src/App.tsx(53,3): error TS6133: 'Clock' is declared but its value is never read.
src/App.tsx(54,3): error TS6133: 'HelpCircle' is declared but its value is never read.
src/App.tsx(77,14): error TS6133: 'ProductionLogger' is declared but its value is never read.
src/App.tsx(77,32): error TS6133: 'SafeStorage' is declared but its value is never read.
src/App.tsx(86,5): error TS6133: 'prefersReducedMotion' is declared but its value is never read.
src/App.tsx(94,5): error TS6133: 'setSavedMissions' is declared but its value is never read.
src/App.tsx(100,5): error TS6133: 'setSelectedTemplate' is declared but its value is never read.
src/App.tsx(106,5): error TS6133: 'setError' is declared but its value is never read.
src/App.tsx(108,5): error TS6133: 'setRawError' is declared but its value is never read.
src/App.tsx(112,5): error TS6133: 'setBooting' is declared but its value is never read.
src/App.tsx(113,5): error TS6133: 'loadingStep' is declared but its value is never read.
src/App.tsx(114,5): error TS6133: 'setLoadingStep' is declared but its value is never read.
src/App.tsx(122,5): error TS6133: 'setSettings' is declared but its value is never read.
src/components/MissionInput.stories.tsx(1,1): error TS6133: 'React' is declared but its value is never read.
src/components/MissionInput.test.tsx(2,1): error TS6133: 'React' is declared but its value is never read.
src/components/MissionInput.test.tsx(4,46): error TS6133: 'act' is declared but its value is never read.
src/components/MissionInput.tsx(13,3): error TS6133: 'ChevronRight' is declared but its value is never read.
src/components/MissionInput.tsx(18,3): error TS6133: 'AlertTriangle' is declared but its value is never read.
src/components/ResultDashboard.tsx(4,26): error TS6133: 'NetworkNode' is declared but its value is never read.
src/components/ResultDashboard.tsx(7,3): error TS6133: 'SovereignGlassCard' is declared but its value is never read.
src/components/ResultDashboard.tsx(9,3): error TS6133: 'SovereignInput' is declared but its value is never read.
src/components/ResultDashboard.tsx(12,3): error TS6133: 'SovereignSidebar' is declared but its value is never read.
src/components/ResultDashboard.tsx(13,3): error TS6133: 'SovereignPanel' is declared but its value is never read.
src/components/ResultDashboard.tsx(14,3): error TS6133: 'SovereignSegmentedControl' is declared but its value is never read.
src/components/ResultDashboard.tsx(25,3): error TS6133: 'Calendar' is declared but its value is never read.
src/components/ResultDashboard.tsx(35,3): error TS6133: 'ArrowUpRight' is declared but its value is never read.
src/components/ResultDashboard.tsx(49,3): error TS6133: 'ChevronRight' is declared but its value is never read.
src/components/ResultDashboard.tsx(50,3): error TS6133: 'Scale' is declared but its value is never read.
src/components/ResultDashboard.tsx(74,9): error TS6133: 'transitionY' is declared but its value is never read.
src/components/ResultDashboard.tsx(125,10): error TS6133: 'memorySavedStates' is declared but its value is never read.
src/components/ResultDashboard.tsx(140,10): error TS6133: 'selectedIpfRuleNum' is declared but its value is never read.
src/components/ResultDashboard.tsx(140,30): error TS6133: 'setSelectedIpfRuleNum' is declared but its value is never read.
src/components/ResultDashboard.tsx(189,32): error TS6133: 'typeName' is declared but its value is never read.
src/components/ResultDashboard.tsx(244,9): error TS6133: 'saveMemory' is declared but its value is never read.
src/components/ResultDashboard.tsx(254,9): error TS6133: 'missionName' is declared but its value is never read.
src/components/ResultDashboard.tsx(263,9): error TS6133: 'deadlineStr' is declared but its value is never read.
src/components/ResultDashboard.tsx(270,9): error TS6133: 'expectedOutput' is declared but its value is never read.
src/components/ResultDashboard.tsx(271,9): error TS6133: 'outputFormat' is declared but its value is never read.
src/components/ResultDashboard.tsx(374,17): error TS6133: 'actualHallucinations' is declared but its value is never read.
src/components/ResultDashboard.tsx(1850,78): error TS6133: 'idx' is declared but its value is never read.
src/components/os/AIAssistantSidebar.tsx(1,1): error TS6133: 'React' is declared but its value is never read.
src/components/os/AIAssistantSidebar.tsx(2,20): error TS6133: 'Bot' is declared but its value is never read.
src/components/os/AIAssistantSidebar.tsx(2,56): error TS6133: 'X' is declared but its value is never read.
src/components/os/AIPerformanceDashboard.tsx(1,8): error TS6133: 'React' is declared but its value is never read.
src/components/os/AIPerformanceDashboard.tsx(3,13): error TS6133: 'Zap' is declared but its value is never read.
src/components/os/AIPerformanceDashboard.tsx(5,3): error TS6133: 'Send' is declared but its value is never read.
src/components/os/AIPerformanceDashboard.tsx(6,3): error TS6133: 'BookOpen' is declared but its value is never read.
src/components/os/AIPerformanceDashboard.tsx(6,13): error TS6133: 'ThumbsUp' is declared but its value is never read.
src/components/os/AIPerformanceDashboard.tsx(6,51): error TS6133: 'HelpCircle' is declared but its value is never read.
src/components/os/AIPerformanceDashboard.tsx(6,63): error TS6133: 'AlertOctagon' is declared but its value is never read.
src/components/os/AIPerformanceDashboard.tsx(224,9): error TS6133: 'avgLatency' is declared but its value is never read.
src/components/os/Boardroom.tsx(1,8): error TS6133: 'React' is declared but its value is never read.
src/components/os/Boardroom.tsx(1,47): error TS6133: 'useRef' is declared but its value is never read.
src/components/os/Boardroom.tsx(7,3): error TS6133: 'Layers' is declared but its value is never read.
src/components/os/Boardroom.tsx(9,3): error TS6133: 'HelpCircle' is declared but its value is never read.
src/components/os/Boardroom.tsx(12,3): error TS6133: 'Database' is declared but its value is never read.
src/components/os/Boardroom.tsx(14,3): error TS6133: 'Zap' is declared but its value is never read.
src/components/os/Boardroom.tsx(18,3): error TS6133: 'ZapOff' is declared but its value is never read.
src/components/os/Boardroom.tsx(20,3): error TS6133: 'RefreshCw' is declared but its value is never read.
src/components/os/Boardroom.tsx(21,3): error TS6133: 'Clock' is declared but its value is never read.
src/components/os/Boardroom.tsx(26,3): error TS6133: 'SovereignGlassCard' is declared but its value is never read.
src/components/os/Boardroom.tsx(28,3): error TS6133: 'SovereignInput' is declared but its value is never read.
src/components/os/Boardroom.tsx(29,3): error TS6133: 'SovereignBadge' is declared but its value is never read.
src/components/os/Boardroom.tsx(30,3): error TS6133: 'SovereignDialog' is declared but its value is never read.
src/components/os/Boardroom.tsx(31,3): error TS6133: 'SovereignSidebar' is declared but its value is never read.
src/components/os/Boardroom.tsx(32,3): error TS6133: 'SovereignPanel' is declared but its value is never read.
src/components/os/Boardroom.tsx(33,3): error TS6133: 'SovereignSegmentedControl' is declared but its value is never read.
src/components/os/Boardroom.tsx(510,41): error TS6133: 'oIdx' is declared but its value is never read.
src/components/os/BrainOverview.test.tsx(2,1): error TS6133: 'React' is declared but its value is never read.
src/components/os/BrainOverview.test.tsx(3,32): error TS6133: 'vi' is declared but its value is never read.
src/components/os/BrainOverview.tsx(2,18): error TS6133: 'AnimatePresence' is declared but its value is never read.
src/components/os/BrainOverview.tsx(6,3): error TS6133: 'Cpu' is declared but its value is never read.
src/components/os/BrainOverview.tsx(19,3): error TS6133: 'History' is declared but its value is never read.
src/components/os/BrainOverview.tsx(20,3): error TS6133: 'CheckCircle' is declared but its value is never read.
src/components/os/BrainOverview.tsx(21,3): error TS6133: 'AlertTriangle' is declared but its value is never read.
src/components/os/BrainOverview.tsx(24,3): error TS6133: 'RefreshCw' is declared but its value is never read.
src/components/os/BrainOverview.tsx(29,3): error TS6133: 'Workflow' is declared but its value is never read.
src/components/os/BrainOverview.tsx(47,11): error TS6196: 'DebateMessage' is declared but never used.
src/components/os/ChatApp.tsx(1,8): error TS6133: 'React' is declared but its value is never read.
src/components/os/ChatApp.tsx(2,67): error TS6133: 'Trash2' is declared but its value is never read.
src/components/os/DashboardApp.tsx(1,8): error TS6133: 'React' is declared but its value is never read.
src/components/os/DashboardApp.tsx(3,8): error TS6133: 'Activity' is declared but its value is never read.
src/components/os/DashboardApp.tsx(4,3): error TS6133: 'MessageSquare' is declared but its value is never read.
src/components/os/DesignSystemV3.tsx(1,8): error TS6133: 'React' is declared but its value is never read.
src/components/os/DesignSystemV3.tsx(15,3): error TS6133: 'Compass' is declared but its value is never read.
src/components/os/DesignSystemV3.tsx(16,3): error TS6133: 'Activity' is declared but its value is never read.
src/components/os/DesignSystemV3.tsx(17,3): error TS6133: 'Cpu' is declared but its value is never read.
src/components/os/DesignSystemV3.tsx(20,3): error TS6133: 'HelpCircle' is declared but its value is never read.
src/components/os/DesignSystemV3.tsx(21,3): error TS6133: 'Code' is declared but its value is never read.
src/components/os/DynamicBrain.tsx(4,3): error TS6133: 'Brain' is declared but its value is never read.
src/components/os/DynamicBrain.tsx(7,3): error TS6133: 'Zap' is declared but its value is never read.
src/components/os/DynamicBrain.tsx(18,3): error TS6133: 'Check' is declared but its value is never read.
src/components/os/DynamicBrain.tsx(19,3): error TS6133: 'Award' is declared but its value is never read.
src/components/os/DynamicBrain.tsx(20,3): error TS6133: 'Lock' is declared but its value is never read.
src/components/os/DynamicBrain.tsx(399,54): error TS6133: 'idx' is declared but its value is never read.
src/components/os/FloatingAIAssistant.tsx(3,23): error TS6133: 'MessageSquare' is declared but its value is never read.
src/components/os/FloatingAIAssistant.tsx(3,38): error TS6133: 'Plus' is declared but its value is never read.
src/components/os/GitHubWorkspace.tsx(1,8): error TS6133: 'React' is declared but its value is never read.
src/components/os/GitHubWorkspace.tsx(2,1): error TS6133: 'motion' is declared but its value is never read.
src/components/os/GitHubWorkspace.tsx(5,3): error TS6133: 'Key' is declared but its value is never read.
src/components/os/GitHubWorkspace.tsx(27,63): error TS6133: 'SovereignBadge' is declared but its value is never read.
src/components/os/HomeExplanations.tsx(1,1): error TS6133: 'React' is declared but its value is never read.
src/components/os/HomeScreen.tsx(61,3): error TS6133: 'history' is declared but its value is never read.
src/components/os/HomeScreen.tsx(62,3): error TS6133: 'clearHistory' is declared but its value is never read.
src/components/os/HomeScreen.tsx(71,10): error TS6133: 'cognitivePower' is declared but its value is never read.
src/components/os/MemoryExplorer.tsx(1,8): error TS6133: 'React' is declared but its value is never read.
src/components/os/MemoryExplorer.tsx(3,47): error TS6133: 'MoreVertical' is declared but its value is never read.
src/components/os/MemoryExplorer.tsx(7,3): error TS6133: 'Maximize2' is declared but its value is never read.
src/components/os/MissionLibrary.tsx(2,8): error TS6133: 'React' is declared but its value is never read.
src/components/os/MissionLibrary.tsx(5,17): error TS6133: 'Tag' is declared but its value is never read.
src/components/os/MissionLibrary.tsx(7,27): error TS6133: 'List' is declared but its value is never read.
src/components/os/MissionRuntimeConsole.tsx(1,8): error TS6133: 'React' is declared but its value is never read.
src/components/os/MissionRuntimeConsole.tsx(7,3): error TS6133: 'CheckCircle2' is declared but its value is never read.
src/components/os/MissionRuntimeConsole.tsx(8,3): error TS6133: 'AlertCircle' is declared but its value is never read.
src/components/os/MissionRuntimeConsole.tsx(9,3): error TS6133: 'ArrowRight' is declared but its value is never read.
src/components/os/MissionRuntimeConsole.tsx(14,3): error TS6133: 'Zap' is declared but its value is never read.
src/components/os/MissionRuntimeConsole.tsx(17,3): error TS6133: 'Sparkles' is declared but its value is never read.
src/components/os/MissionRuntimeConsole.tsx(21,3): error TS6133: 'Code2' is declared but its value is never read.
src/components/os/MissionRuntimeConsole.tsx(22,3): error TS6133: 'FileCode' is declared but its value is never read.
src/components/os/MissionRuntimeConsole.tsx(23,3): error TS6133: 'FileText' is declared but its value is never read.
src/components/os/MissionRuntimeConsole.tsx(25,3): error TS6133: 'Search' is declared but its value is never read.
src/components/os/MissionRuntimeConsole.tsx(26,3): error TS6133: 'Users' is declared but its value is never read.
src/components/os/MissionRuntimeConsole.tsx(27,3): error TS6133: 'ChevronRight' is declared but its value is never read.
src/components/os/MissionRuntimeConsole.tsx(28,3): error TS6133: 'TrendingUp' is declared but its value is never read.
src/components/os/MissionRuntimeConsole.tsx(44,3): error TS6133: 'onClose' is declared but its value is never read.
src/components/os/MissionRuntimeConsole.tsx(45,3): error TS6133: 'activePrompt' is declared but its value is never read.
src/components/os/MissionRuntimeConsole.tsx(46,3): error TS6133: 'selectedCategory' is declared but its value is never read.
src/components/os/MissionRuntimeConsole.tsx(562,23): error TS6133: 'isPending' is declared but its value is never read.
src/components/os/MissionTestCenter.tsx(6,3): error TS6133: 'AlertCircle' is declared but its value is never read.
src/components/os/MissionTestCenter.tsx(6,16): error TS6133: 'Sparkles' is declared but its value is never read.
src/components/os/MissionTestCenter.tsx(6,26): error TS6133: 'Clock' is declared but its value is never read.
src/components/os/MissionTestCenter.tsx(6,33): error TS6133: 'Database' is declared but its value is never read.
src/components/os/MissionTestCenter.tsx(6,64): error TS6133: 'ThumbsUp' is declared but its value is never read.
src/components/os/MissionTestCenter.tsx(6,74): error TS6133: 'ShieldAlert' is declared but its value is never read.
src/components/os/MultiAIApp.tsx(1,8): error TS6133: 'React' is declared but its value is never read.
src/components/os/NotificationCenter.tsx(1,8): error TS6133: 'React' is declared but its value is never read.
src/components/os/NotificationCenter.tsx(2,53): error TS6133: 'MessageSquare' is declared but its value is never read.
src/components/os/ObservabilityCenter.test.tsx(2,1): error TS6133: 'React' is declared but its value is never read.
src/components/os/ObservabilityCenter.test.tsx(3,32): error TS6133: 'vi' is declared but its value is never read.
src/components/os/ObservabilityCenter.tsx(4,31): error TS6133: 'Search' is declared but its value is never read.
src/components/os/ObservabilityCenter.tsx(4,39): error TS6133: 'Sparkles' is declared but its value is never read.
src/components/os/ObservabilityCenter.tsx(5,3): error TS6133: 'BookOpen' is declared but its value is never read.
src/components/os/ObservabilityCenter.tsx(5,13): error TS6133: 'HelpCircle' is declared but its value is never read.
src/components/os/ObservabilityCenter.tsx(6,34): error TS6133: 'Trophy' is declared but its value is never read.
src/components/os/ObservabilityCenter.tsx(6,65): error TS6133: 'CheckCircle' is declared but its value is never read.
src/components/os/ObservabilityCenter.tsx(6,78): error TS6133: 'ArrowRight' is declared but its value is never read.
src/components/os/ObservabilityCenter.tsx(55,10): error TS6133: 'simulatedError' is declared but its value is never read.
src/components/os/ObservabilityCenter.tsx(62,10): error TS6133: 'fps' is declared but its value is never read.
src/components/os/ObservabilityCenter.tsx(83,10): error TS6133: 'successPatterns' is declared but its value is never read.
src/components/os/ObservabilityCenter.tsx(151,19): error TS6133: 'prev' is declared but its value is never read.
src/components/os/ObservabilityCenter.tsx(156,19): error TS6133: 'prev' is declared but its value is never read.
src/components/os/ObservabilityCenter.tsx(161,20): error TS6133: 'prev' is declared but its value is never read.
src/components/os/OrganizationApp.tsx(1,8): error TS6133: 'React' is declared but its value is never read.
src/components/os/OrganizationApp.tsx(5,3): error TS6133: 'Settings' is declared but its value is never read.
src/components/os/OrganizationApp.tsx(9,3): error TS6133: 'TrendingUp' is declared but its value is never read.
src/components/os/OrganizationApp.tsx(10,3): error TS6133: 'Activity' is declared but its value is never read.
src/components/os/OrganizationApp.tsx(12,3): error TS6133: 'UserCheck' is declared but its value is never read.
src/components/os/OrganizationApp.tsx(13,3): error TS6133: 'Plus' is declared but its value is never read.
src/components/os/OrganizationApp.tsx(14,3): error TS6133: 'Layers' is declared but its value is never read.
src/components/os/OrganizationApp.tsx(15,3): error TS6133: 'Info' is declared but its value is never read.
src/components/os/OrganizationApp.tsx(45,10): error TS6133: 'githubToken' is declared but its value is never read.
src/components/os/PromptLibrary.tsx(1,8): error TS6133: 'React' is declared but its value is never read.
src/components/os/RealTimeSwarmDebugger.tsx(12,3): error TS6133: 'Server' is declared but its value is never read.
src/components/os/RealTimeSwarmDebugger.tsx(21,3): error TS6133: 'Award' is declared but its value is never read.
src/components/os/RealTimeSwarmDebugger.tsx(25,3): error TS6133: 'HelpCircle' is declared but its value is never read.
src/components/os/RealTimeSwarmDebugger.tsx(27,3): error TS6133: 'Check' is declared but its value is never read.
src/components/os/RealTimeSwarmDebugger.tsx(29,3): error TS6133: 'FileText' is declared but its value is never read.
src/components/os/RealTimeSwarmDebugger.tsx(32,3): error TS6133: 'Beaker' is declared but its value is never read.
src/components/os/RealTimeSwarmDebugger.tsx(135,10): error TS6133: 'currentTick' is declared but its value is never read.
src/components/os/RealTimeSwarmDebugger.tsx(136,10): error TS6133: 'currentPhase' is declared but its value is never read.
src/components/os/UniversalAgentFramework.tsx(1,8): error TS6133: 'React' is declared but its value is never read.
src/components/os/UniversalAgentFramework.tsx(5,3): error TS6133: 'Code' is declared but its value is never read.
src/components/os/UniversalAgentFramework.tsx(5,26): error TS6133: 'Search' is declared but its value is never read.
src/components/os/UniversalAgentFramework.tsx(5,54): error TS6133: 'FileText' is declared but its value is never read.
src/components/os/UniversalAgentFramework.tsx(6,46): error TS6133: 'Settings' is declared but its value is never read.
src/components/os/UniversalAgentFramework.tsx(7,23): error TS6133: 'MessageSquare' is declared but its value is never read.
src/components/os/UniversalAgentFramework.tsx(7,48): error TS6133: 'ThumbsDown' is declared but its value is never read.
src/components/os/UniversalAgentFramework.tsx(8,12): error TS6133: 'Globe' is declared but its value is never read.
src/components/os/UniversalAgentFramework.tsx(8,49): error TS6133: 'Eye' is declared but its value is never read.
src/components/os/UniversalAgentFramework.tsx(8,54): error TS6133: 'HelpCircle' is declared but its value is never read.
src/components/os/UniversalAgentFramework.tsx(8,66): error TS6133: 'Server' is declared but its value is never read.
src/components/os/UniversalAgentFramework.tsx(9,10): error TS6133: 'ArrowUpRight' is declared but its value is never read.
src/components/os/UniversalAgentFramework.tsx(9,36): error TS6133: 'DollarSign' is declared but its value is never read.
src/components/os/UniversalAgentFramework.tsx(10,14): error TS6133: 'ArrowDown' is declared but its value is never read.
src/components/os/UniversalAgentFramework.tsx(339,10): error TS6133: 'userRating' is declared but its value is never read.
src/components/os/UniversalAgentFramework.tsx(339,22): error TS6133: 'setUserRating' is declared but its value is never read.
src/components/os/UniversalAgentFramework.tsx(340,10): error TS6133: 'userPros' is declared but its value is never read.
src/components/os/UniversalAgentFramework.tsx(340,20): error TS6133: 'setUserPros' is declared but its value is never read.
src/components/os/UniversalAgentFramework.tsx(341,10): error TS6133: 'userCons' is declared but its value is never read.
src/components/os/UniversalAgentFramework.tsx(341,20): error TS6133: 'setUserCons' is declared but its value is never read.
src/components/os/UniversalAgentFramework.tsx(342,10): error TS6133: 'userNextImprovement' is declared but its value is never read.
src/components/os/UniversalAgentFramework.tsx(342,31): error TS6133: 'setUserNextImprovement' is declared but its value is never read.
src/components/os/UniversalAgentFramework.tsx(596,10): error TS6133: 'showAddOutcomeModal' is declared but its value is never read.
src/components/os/UniversalAgentFramework.tsx(596,31): error TS6133: 'setShowAddOutcomeModal' is declared but its value is never read.
src/components/os/UniversalAgentFramework.tsx(606,10): error TS6133: 'newRecTitle' is declared but its value is never read.
src/components/os/UniversalAgentFramework.tsx(606,23): error TS6133: 'setNewRecTitle' is declared but its value is never read.
src/components/os/UniversalAgentFramework.tsx(607,10): error TS6133: 'newRecType' is declared but its value is never read.
src/components/os/UniversalAgentFramework.tsx(607,22): error TS6133: 'setNewRecType' is declared but its value is never read.
src/components/os/UniversalAgentFramework.tsx(608,10): error TS6133: 'newRecDesc' is declared but its value is never read.
src/components/os/UniversalAgentFramework.tsx(608,22): error TS6133: 'setNewRecDesc' is declared but its value is never read.
src/components/os/UniversalAgentFramework.tsx(609,10): error TS6133: 'newRecBenefit' is declared but its value is never read.
src/components/os/UniversalAgentFramework.tsx(609,25): error TS6133: 'setNewRecBenefit' is declared but its value is never read.
src/components/os/UniversalAgentFramework.tsx(614,10): error TS6133: 'simulationPhase' is declared but its value is never read.
src/components/os/UniversalAgentFramework.tsx(732,22): error TS6133: 'setBenchmarks' is declared but its value is never read.
src/components/os/UniversalCommandPalette.tsx(3,67): error TS6133: 'Briefcase' is declared but its value is never read.
src/components/os/UniversalCommandPalette.tsx(3,78): error TS6133: 'FileText' is declared but its value is never read.
src/components/os/UniversalCommandPalette.tsx(3,98): error TS6133: 'X' is declared but its value is never read.
src/components/os/UniversalCommandPalette.tsx(3,108): error TS6133: 'User' is declared but its value is never read.
src/components/os/UniversalCommandPalette.tsx(91,49): error TS6133: 'idx' is declared but its value is never read.
src/components/os/UniversalContextMenu.tsx(1,8): error TS6133: 'React' is declared but its value is never read.
src/components/os/UniversalExportMenu.tsx(1,8): error TS6133: 'React' is declared but its value is never read.
src/components/os/UniversalHistoryModal.tsx(1,1): error TS6133: 'React' is declared but its value is never read.
src/components/os/UniversalHistoryModal.tsx(3,42): error TS6133: 'Search' is declared but its value is never read.
src/components/os/UniversalSearch.tsx(9,3): error TS6133: 'X' is declared but its value is never read.
src/components/os/UniversalSearch.tsx(14,3): error TS6133: 'Settings2' is declared but its value is never read.
src/components/os/UniversalSearch.tsx(18,3): error TS6133: 'HelpCircle' is declared but its value is never read.
src/components/os/UniversalSearch.tsx(26,18): error TS6133: 'AnimatePresence' is declared but its value is never read.
src/components/os/UniversalSearch.tsx(54,3): error TS6133: 'uiMode' is declared but its value is never read.
src/components/os/UniversalSearch.tsx(56,3): error TS6133: 'focusMode' is declared but its value is never read.
src/components/os/ValidationSuite.tsx(2,8): error TS6133: 'React' is declared but its value is never read.
src/components/os/ValidationSuite.tsx(3,18): error TS6133: 'AnimatePresence' is declared but its value is never read.
src/components/os/ValidationSuite.tsx(7,3): error TS6133: 'Filter' is declared but its value is never read.
src/components/os/ValidationSuite.tsx(8,3): error TS6133: 'AlertCircle' is declared but its value is never read.
src/components/os/ValidationSuite.tsx(15,3): error TS6133: 'BarChart3' is declared but its value is never read.
src/components/os/ValidationSuite.tsx(16,3): error TS6133: 'ListRestart' is declared but its value is never read.
src/components/os/ValidationSuite.tsx(23,3): error TS6133: 'ChevronRight' is declared but its value is never read.
src/components/os/ValidationSuite.tsx(24,3): error TS6133: 'Clipboard' is declared but its value is never read.
src/components/os/ValidationSuite.tsx(26,3): error TS6133: 'Clock' is declared but its value is never read.
src/components/os/ValidationSuite.tsx(27,3): error TS6133: 'ThumbsUp' is declared but its value is never read.
src/components/os/ValidationSuite.tsx(29,3): error TS6133: 'HelpCircle' is declared but its value is never read.
src/components/os/ValidationSuite.tsx(40,3): error TS6133: 'MissionBenchmark' is declared but its value is never read.
src/components/os/WorkspaceCard.tsx(1,1): error TS6133: 'React' is declared but its value is never read.
src/components/os/WorkspaceSelector.tsx(1,8): error TS6133: 'React' is declared but its value is never read.
src/components/personal/PersonalDashboard.tsx(1,1): error TS6133: 'React' is declared but its value is never read.
src/components/personal/PersonalEditionApp.tsx(1,8): error TS6133: 'React' is declared but its value is never read.
src/components/personal/PersonalEditionApp.tsx(5,18): error TS6133: 'Search' is declared but its value is never read.
src/components/personal/PersonalEditionApp.tsx(5,36): error TS6133: 'Clock' is declared but its value is never read.
src/components/personal/PersonalEditionApp.tsx(5,43): error TS6133: 'Star' is declared but its value is never read.
src/components/personal/PersonalEditionApp.tsx(6,3): error TS6133: 'Zap' is declared but its value is never read.
src/components/personal/PersonalEditionApp.tsx(6,8): error TS6133: 'Settings' is declared but its value is never read.
src/components/personal/PersonalEditionApp.tsx(6,18): error TS6133: 'ChevronRight' is declared but its value is never read.
src/components/personal/PersonalMemory.tsx(1,1): error TS6133: 'React' is declared but its value is never read.
src/components/personal/ProjectWorkspace.tsx(1,1): error TS6133: 'React' is declared but its value is never read.
src/components/personal/RoutingTester.tsx(1,8): error TS6133: 'React' is declared but its value is never read.
src/components/personal/UnifiedChat.tsx(1,8): error TS6133: 'React' is declared but its value is never read.
src/components/personal/UnifiedChat.tsx(3,56): error TS6133: 'ChevronDown' is declared but its value is never read.
src/components/trust-and-quality/AIComparisonView.tsx(1,8): error TS6133: 'React' is declared but its value is never read.
src/components/trust-and-quality/AIComparisonView.tsx(2,46): error TS6133: 'AlertTriangle' is declared but its value is never read.
src/components/trust-and-quality/AIComparisonView.tsx(2,61): error TS6133: 'ShieldAlert' is declared but its value is never read.
src/components/trust-and-quality/AIComparisonView.tsx(3,1): error TS6133: 'cn' is declared but its value is never read.
src/components/trust-and-quality/AIComparisonView.tsx(16,10): error TS6133: 'selectedTopicIdx' is declared but its value is never read.
src/components/trust-and-quality/AIComparisonView.tsx(16,28): error TS6133: 'setSelectedTopicIdx' is declared but its value is never read.
src/components/trust-and-quality/AIComparisonView.tsx(31,9): error TS6133: 'modelsAudited' is declared but its value is never read.
src/components/trust-and-quality/FactCheckEngineView.tsx(1,8): error TS6133: 'React' is declared but its value is never read.
src/components/trust-and-quality/FactCheckEngineView.tsx(2,59): error TS6133: 'Award' is declared but its value is never read.
src/components/trust-and-quality/LiveMissionPipelineView.tsx(1,8): error TS6133: 'React' is declared but its value is never read.
src/components/trust-and-quality/LiveMissionPipelineView.tsx(12,3): error TS6133: 'HelpCircle' is declared but its value is never read.
src/components/trust-and-quality/LiveMissionPipelineView.tsx(13,3): error TS6133: 'AlertCircle' is declared but its value is never read.
src/components/trust-and-quality/LiveMissionPipelineView.tsx(15,3): error TS6133: 'TrendingUp' is declared but its value is never read.
src/components/trust-and-quality/LiveMissionPipelineView.tsx(16,3): error TS6133: 'Award' is declared but its value is never read.
src/components/trust-and-quality/LiveMissionPipelineView.tsx(19,3): error TS6133: 'Activity' is declared but its value is never read.
src/components/trust-and-quality/LiveMissionPipelineView.tsx(174,10): error TS6133: 'elapsedTime' is declared but its value is never read.
src/components/trust-and-quality/LiveMissionPipelineView.tsx(175,10): error TS6133: 'tokenCount' is declared but its value is never read.
src/components/trust-and-quality/LiveMissionPipelineView.tsx(271,63): error TS6133: 'output' is declared but its value is never read.
src/components/trust-and-quality/LiveMissionPipelineView.tsx(360,9): error TS6133: 'activeStep' is declared but its value is never read.
src/components/trust-and-quality/MissionValidatorView.tsx(9,3): error TS6133: 'XCircle' is declared but its value is never read.
src/components/trust-and-quality/MissionValidatorView.tsx(12,3): error TS6133: 'BookOpen' is declared but its value is never read.
src/components/trust-and-quality/MissionValidatorView.tsx(23,1): error TS6192: All imports in import declaration are unused.
src/components/trust-and-quality/OutputAutoImprovementEngineView.tsx(1,8): error TS6133: 'React' is declared but its value is never read.
src/components/trust-and-quality/OutputAutoImprovementEngineView.tsx(2,51): error TS6133: 'Clock' is declared but its value is never read.
src/components/trust-and-quality/OutputAutoImprovementEngineView.tsx(2,68): error TS6133: 'FileText' is declared but its value is never read.
src/components/trust-and-quality/OutputEvaluationEngineView.tsx(1,1): error TS6133: 'React' is declared but its value is never read.
src/components/trust-and-quality/OutputEvaluationEngineView.tsx(2,31): error TS6133: 'AlertTriangle' is declared but its value is never read.
src/components/trust-and-quality/OutputEvaluationEngineView.tsx(2,46): error TS6133: 'XCircle' is declared but its value is never read.
src/components/trust-and-quality/OutputEvaluationEngineView.tsx(2,88): error TS6133: 'FileText' is declared but its value is never read.
src/components/trust-and-quality/RealWorldValidationCenter.tsx(1,8): error TS6133: 'React' is declared but its value is never read.
src/components/trust-and-quality/RealWorldValidationCenter.tsx(1,27): error TS6133: 'useEffect' is declared but its value is never read.
src/components/trust-and-quality/RealWorldValidationCenter.tsx(3,24): error TS6133: 'AlertTriangle' is declared but its value is never read.
src/components/trust-and-quality/RealWorldValidationCenter.tsx(3,39): error TS6133: 'XCircle' is declared but its value is never read.
src/components/trust-and-quality/RealWorldValidationCenter.tsx(3,48): error TS6133: 'Zap' is declared but its value is never read.
src/components/trust-and-quality/RealWorldValidationCenter.tsx(4,21): error TS6133: 'FileText' is declared but its value is never read.
src/components/trust-and-quality/RealWorldValidationCenter.tsx(4,31): error TS6133: 'Globe' is declared but its value is never read.
src/components/trust-and-quality/RealWorldValidationCenter.tsx(5,37): error TS6133: 'Bookmark' is declared but its value is never read.
src/components/trust-and-quality/RealWorldValidationCenter.tsx(5,47): error TS6133: 'ThumbsUp' is declared but its value is never read.
src/components/trust-and-quality/RealWorldValidationCenter.tsx(6,59): error TS6133: 'Database' is declared but its value is never read.
src/components/trust-and-quality/RealWorldValidationCenter.tsx(29,10): error TS6133: 'auditStatus' is declared but its value is never read.
src/components/trust-and-quality/RealWorldValidationCenter.tsx(29,23): error TS6133: 'setAuditStatus' is declared but its value is never read.
src/components/trust-and-quality/RealWorldValidationCenter.tsx(30,24): error TS6133: 'setAuditHistory' is declared but its value is never read.
src/components/trust-and-quality/TrustEngineView.tsx(1,8): error TS6133: 'React' is declared but its value is never read.
src/components/trust-and-quality/TrustEngineView.tsx(2,23): error TS6133: 'Award' is declared but its value is never read.
src/components/trust-and-quality/TrustEngineView.tsx(2,30): error TS6133: 'AlertCircle' is declared but its value is never read.
src/components/trust-and-quality/TrustEngineView.tsx(2,43): error TS6133: 'FileText' is declared but its value is never read.
src/hooks/useAppState.ts(4,10): error TS6133: 'cn' is declared but its value is never read.
src/legacy/analyzeRoute.ts(10,9): error TS6133: 'ai' is declared but its value is never read.
src/legacy/analyzeRoute.ts(384,75): error TS6133: 'orgState' is declared but its value is never read.
src/legacy/analyzeRoute.ts(384,90): error TS6133: 'recentMemory' is declared but its value is never read.
src/legacy/legacyRoutes.ts(21,33): error TS6133: 'req' is declared but its value is never read.
src/legacy/legacyRoutes.ts(34,33): error TS6133: 'req' is declared but its value is never read.
src/legacy/legacyRoutes.ts(849,9): error TS6133: 'lastError' is declared but its value is never read.
src/legacy/legacyRoutes.ts(922,40): error TS6133: 'prompt' is declared but its value is never read.
src/legacy/legacyRoutes.ts(922,75): error TS6133: 'orgState' is declared but its value is never read.
src/legacy/legacyRoutes.ts(922,90): error TS6133: 'recentMemory' is declared but its value is never read.
src/lib/capability-registry/domain/services/RoutingService.ts(1,20): error TS6133: 'ProviderHealth' is declared but its value is never read.
src/lib/goal-engine/application/GoalEngine.ts(3,1): error TS6133: 'Intent' is declared but its value is never read.
src/lib/goal-engine/application/GoalEngine.ts(4,1): error TS6133: 'ProposedMission' is declared but its value is never read.
src/lib/goal-engine/application/GoalEngine.ts(18,13): error TS6138: Property 'pluginRegistry' is declared but its value is never read.
src/lib/goal-engine/application/GoalEngine.ts(58,13): error TS6133: 'parsedData' is declared but its value is never read.
src/lib/plugins/ai/OpenRouterPlugin.ts(24,11): error TS6133: 'apiKey' is declared but its value is never read.
src/lib/plugins/ai/OpenRouterPlugin.ts(40,62): error TS6133: 'options' is declared but its value is never read.
src/lib/routing-engine/RoutingEngine.ts(117,53): error TS6133: 'priority' is declared but its value is never read.
src/utils.ts(11,14): error TS6133: 'message' is declared but its value is never read.
src/utils.ts(11,34): error TS6133: 'optionalParams' is declared but its value is never read.
src/utils/MissionValidator.ts(410,44): error TS6133: 'pName' is declared but its value is never read.
src/utils/truthCalculator.ts(6,10): error TS6133: 'EvidenceSource' is declared but its value is never read.
src/utils/truthCalculator.ts(6,46): error TS6133: 'EvidenceEngineData' is declared but its value is never read.
